mode: set
Split/split.go:5.45,8.16 2 1
Split/split.go:8.16,11.3 2 1
Split/split.go:13.2,13.17 1 1
Split/split.go:13.17,17.3 3 1
Split/split.go:19.2,19.13 1 1
Split/split.go:19.13,21.3 1 1
Split/split.go:23.2,23.8 1 1
